
> @jentic/arazzo-ui@1.0.0-alpha.32 build
> npm run clean && run-p --max-parallel ${CPU_CORES:-2} typescript:declaration build:umd:ui build:umd:standalone build:esm:ui build:esm:standalone && npm run build:app


> @jentic/arazzo-ui@1.0.0-alpha.32 clean
> rimraf ./dist ./types ./build


> @jentic/arazzo-ui@1.0.0-alpha.32 build:umd:ui
> cross-env BUILD_ENTRY=ArazzoUI vite build --config config/vite/vite.config.ts


> @jentic/arazzo-ui@1.0.0-alpha.32 typescript:declaration
> tsc -p tsconfig.declaration.json && api-extractor run -l -c ./config/api-extractor/api-extractor.ArazzoUI.json && api-extractor run -l -c ./config/api-extractor/api-extractor.ArazzoUIStandalone.json

vite v8.1.5 building client environment for production...
[2Ktransforming...✓ 4279 modules transformed.
rendering chunks...
computing gzip size...
dist/arazzo-ui.css     15.03 kB │ gzip:     3.45 kB
dist/arazzo-ui.js   7,788.77 kB │ gzip: 1,844.04 kB

✓ built in 878ms

> @jentic/arazzo-ui@1.0.0-alpha.32 build:umd:standalone
> cross-env BUILD_ENTRY=ArazzoUIStandalone vite build --config config/vite/vite.config.ts

vite v8.1.5 building client environment for production...
[2Ktransforming...✓ 4283 modules transformed.
rendering chunks...
computing gzip size...
dist/arazzo-ui.css               15.03 kB │ gzip:     3.45 kB
dist/arazzo-ui-standalone.js  7,803.81 kB │ gzip: 1,848.90 kB

✓ built in 932ms

> @jentic/arazzo-ui@1.0.0-alpha.32 build:esm:ui
> cross-env BUILD_FORMAT=esm BUILD_ENTRY=ArazzoUI vite build --config config/vite/vite.config.ts

vite v8.1.5 building client environment for production...
[2Ktransforming...✓ 61 modules transformed.
rendering chunks...
computing gzip size...
dist/arazzo-ui.css   10.87 kB │ gzip:  2.69 kB
dist/arazzo-ui.mjs  267.02 kB │ gzip: 57.78 kB

✓ built in 35ms

> @jentic/arazzo-ui@1.0.0-alpha.32 build:esm:standalone
> cross-env BUILD_FORMAT=esm BUILD_ENTRY=ArazzoUIStandalone vite build --config config/vite/vite.config.ts

vite v8.1.5 building client environment for production...
[2Ktransforming...✓ 65 modules transformed.
rendering chunks...
computing gzip size...
dist/arazzo-ui.css              10.87 kB │ gzip:  2.69 kB
dist/arazzo-ui-standalone.mjs  286.86 kB │ gzip: 63.49 kB

✓ built in 41ms

[1mapi-extractor 7.58.12 [36m - https://api-extractor.com/[39m
[22m
Analysis will use the bundled TypeScript version 5.9.3

API Extractor completed successfully

[1mapi-extractor 7.58.12 [36m - https://api-extractor.com/[39m
[22m
Analysis will use the bundled TypeScript version 5.9.3

API Extractor completed successfully

> @jentic/arazzo-ui@1.0.0-alpha.32 build:app
> npm run build:umd:standalone && rimraf ./build && mkdir -p ./build && cp ./dist/arazzo-ui-standalone.js ./dist/arazzo-ui.css ./build/ && node ./scripts/copy-public-assets.mjs && rm -f ./build/main.tsx ./build/index.html && mv ./build/app.html ./build/index.html && node ./scripts/hash-build-assets.mjs


> @jentic/arazzo-ui@1.0.0-alpha.32 build:umd:standalone
> cross-env BUILD_ENTRY=ArazzoUIStandalone vite build --config config/vite/vite.config.ts

vite v8.1.5 building client environment for production...
[2Ktransforming...✓ 4283 modules transformed.
rendering chunks...
computing gzip size...
dist/arazzo-ui.css               15.03 kB │ gzip:     3.45 kB
dist/arazzo-ui-standalone.js  7,803.81 kB │ gzip: 1,848.90 kB

✓ built in 828ms
arazzo-ui-standalone.js -> arazzo-ui-standalone.ffef736b.js
arazzo-ui.css -> arazzo-ui.26db9dd7.css
