[WebServer] (node:74888) Warning: The 'NO_COLOR' env is ignored due to the 'FORCE_COLOR' env being set.
[WebServer] (Use `node --trace-warnings ...` to show where the warning was created)

Running 17 tests using 1 worker

(node:74947) Warning: The 'NO_COLOR' env is ignored due to the 'FORCE_COLOR' env being set.
(Use `node --trace-warnings ...` to show where the warning was created)
  ✓   1 [chromium] › test/e2e/inspection.spec.ts:29:3 › API Contract Inspection › requires explicit loading and retains HTTP request, security and response alternatives (4.2s)
  ✓   2 [chromium] › test/e2e/inspection.spec.ts:58:3 › API Contract Inspection › projects receive direction, channel, message payload and correlation details (1.3s)
  ✓   3 [chromium] › test/e2e/inspection.spec.ts:75:3 › API Contract Inspection › reports source failure and reloads successfully without changing the step (1.0s)
  ✓   4 [chromium] › test/e2e/inspection.spec.ts:92:3 › API Contract Inspection › loads external commerce separately and exposes its authored workflow target (1.3s)
  ✓   5 [chromium] › test/e2e/inspection.spec.ts:233:1 › provider replacement aborts pending work and uses the replacement content (951ms)
  ✓   6 [chromium] › test/e2e/inspection.spec.ts:247:1 › external navigation sends the retrieved URI, revision and workflow to the host (806ms)
  ✓   7 [chromium] › test/e2e/inspection.spec.ts:263:1 › embedded viewing reports unavailable acquisition without a host provider (858ms)
  ✓   8 [chromium] › test/e2e/inspection.spec.ts:271:1 › document replacement cancels source work and retains the new primary document (1.0s)
  ✓   9 [chromium] › test/e2e/inspection.spec.ts:285:1 › unavailable-target pack keeps candidate coverage incomplete until every API source is checked (1.1s)
  ✓  10 [chromium] › test/e2e/inspection.spec.ts:348:1 › inspector keeps schema siblings and referenced constraints in separate accessible declarations (1.1s)
  ✓  11 [chromium] › test/e2e/inspection.spec.ts:375:1 › Reload source refreshes external schema and response dependencies (1.1s)
  ✓  12 [chromium] › test/e2e/systems.spec.ts:12:3 › five participants, exact payment round trip and contained scene at 1440 (989ms)
  ✓  13 [chromium] › test/e2e/systems.spec.ts:62:3 › declared completion endpoint, correlation and timeout at 1440 (1.2s)
  ✓  14 [chromium] › test/e2e/systems.spec.ts:12:3 › five participants, exact payment round trip and contained scene at 480 (921ms)
  ✓  15 [chromium] › test/e2e/systems.spec.ts:62:3 › declared completion endpoint, correlation and timeout at 480 (1.1s)
  ✓  16 [chromium] › test/e2e/systems.spec.ts:94:1 › second occurrence mappings remain 2499 and recursive/row boundaries are inspectable (2.1s)
  ✓  17 [chromium] › test/e2e/systems.spec.ts:118:1 › depth and recursive markers keep the declared target navigable (1.4s)

  17 passed (24.4s)
